MPLINK 5.09, LINKER
Linker Map File - Created Tue Jan 13 13:23:44 2026

                                 Section Info
                  Section       Type    Address   Location Size(Bytes)
                ---------  ---------  ---------  ---------  ---------
                 RES_VECT       code   0x000000    program   0x000066
                   .cinit    romdata   0x000066    program   0x000002
                MAIN_PROG       code   0x000068    program   0x0002d4
.config_300000_BUILD/DEFAULT/DEBUG/_EXT/1864822    romdata   0x300000    program   0x000001
.config_300001_BUILD/DEFAULT/DEBUG/_EXT/1864822    romdata   0x300001    program   0x000001
.config_300004_BUILD/DEFAULT/DEBUG/_EXT/1864822    romdata   0x300004    program   0x000001
.config_300007_BUILD/DEFAULT/DEBUG/_EXT/1864822    romdata   0x300007    program   0x000001
                      var      udata   0x000000       data   0x000002



                              Program Memory Usage 
                               Start         End      
                           ---------   ---------      
                            0x000000    0x00033b      
                            0x300000    0x300001      
                            0x300004    0x300004      
                            0x300007    0x300007      
            832 out of 33054 program addresses used, program memory utilization is 2%



                              Symbols - Sorted by Name
                     Name    Address   Location    Storage File                     
                ---------  ---------  ---------  --------- ---------                
            AllRGBLEDsOff   0x000296    program     static C:\Users\louis\source\repos\ISEN\CSI3\projet-janvier-assembleur-PIC18\projet_janvier.X\main.asm
          AllRGBLEDsWhite   0x000264    program     static C:\Users\louis\source\repos\ISEN\CSI3\projet-janvier-assembleur-PIC18\projet_janvier.X\main.asm
              AwaitButton   0x0002c8    program     static C:\Users\louis\source\repos\ISEN\CSI3\projet-janvier-assembleur-PIC18\projet_janvier.X\main.asm
                     Bit0   0x00018a    program     static C:\Users\louis\source\repos\ISEN\CSI3\projet-janvier-assembleur-PIC18\projet_janvier.X\main.asm
                     Bit1   0x0001aa    program     static C:\Users\louis\source\repos\ISEN\CSI3\projet-janvier-assembleur-PIC18\projet_janvier.X\main.asm
                     Blue   0x00022c    program     static C:\Users\louis\source\repos\ISEN\CSI3\projet-janvier-assembleur-PIC18\projet_janvier.X\main.asm
           ButtonPress_No   0x0002de    program     static C:\Users\louis\source\repos\ISEN\CSI3\projet-janvier-assembleur-PIC18\projet_janvier.X\main.asm
                 ColorOff   0x0001ee    program     static C:\Users\louis\source\repos\ISEN\CSI3\projet-janvier-assembleur-PIC18\projet_janvier.X\main.asm
                  ColorOn   0x0001cc    program     static C:\Users\louis\source\repos\ISEN\CSI3\projet-janvier-assembleur-PIC18\projet_janvier.X\main.asm
            ConfigButtons   0x000034    program     static C:\Users\louis\source\repos\ISEN\CSI3\projet-janvier-assembleur-PIC18\projet_janvier.X\main.asm
                ConfigOsc   0x000004    program     static C:\Users\louis\source\repos\ISEN\CSI3\projet-janvier-assembleur-PIC18\projet_janvier.X\main.asm
                ConfigPWM   0x000066    program     static C:\Users\louis\source\repos\ISEN\CSI3\projet-janvier-assembleur-PIC18\projet_janvier.X\main.asm
              ConfigPorts   0x000012    program     static C:\Users\louis\source\repos\ISEN\CSI3\projet-janvier-assembleur-PIC18\projet_janvier.X\main.asm
                ConfigRGB   0x000026    program     static C:\Users\louis\source\repos\ISEN\CSI3\projet-janvier-assembleur-PIC18\projet_janvier.X\main.asm
                EndHandle   0x000334    program     static C:\Users\louis\source\repos\ISEN\CSI3\projet-janvier-assembleur-PIC18\projet_janvier.X\main.asm
                    Green   0x00021e    program     static C:\Users\louis\source\repos\ISEN\CSI3\projet-janvier-assembleur-PIC18\projet_janvier.X\main.asm
          HandleLedButton   0x0002e2    program     static C:\Users\louis\source\repos\ISEN\CSI3\projet-janvier-assembleur-PIC18\projet_janvier.X\main.asm
               IncCounter   0x000330    program     static C:\Users\louis\source\repos\ISEN\CSI3\projet-janvier-assembleur-PIC18\projet_janvier.X\main.asm
               LEDv_blink   0x000166    program     static C:\Users\louis\source\repos\ISEN\CSI3\projet-janvier-assembleur-PIC18\projet_janvier.X\main.asm
                     Led0   0x000326    program     static C:\Users\louis\source\repos\ISEN\CSI3\projet-janvier-assembleur-PIC18\projet_janvier.X\main.asm
                MAIN_LOOP   0x00007a    program     static C:\Users\louis\source\repos\ISEN\CSI3\projet-janvier-assembleur-PIC18\projet_janvier.X\main.asm
                RGBLEDOff   0x000256    program     static C:\Users\louis\source\repos\ISEN\CSI3\projet-janvier-assembleur-PIC18\projet_janvier.X\main.asm
                      Red   0x000210    program     static C:\Users\louis\source\repos\ISEN\CSI3\projet-janvier-assembleur-PIC18\projet_janvier.X\main.asm
                    START   0x000068    program     static C:\Users\louis\source\repos\ISEN\CSI3\projet-janvier-assembleur-PIC18\projet_janvier.X\main.asm
               TEMPO_0_2S   0x00009c    program     static C:\Users\louis\source\repos\ISEN\CSI3\projet-janvier-assembleur-PIC18\projet_janvier.X\main.asm
           TEMPO_0_2S_RUN   0x0000ac    program     static C:\Users\louis\source\repos\ISEN\CSI3\projet-janvier-assembleur-PIC18\projet_janvier.X\main.asm
               TEMPO_0_5S   0x0000b6    program     static C:\Users\louis\source\repos\ISEN\CSI3\projet-janvier-assembleur-PIC18\projet_janvier.X\main.asm
           TEMPO_0_5S_RUN   0x0000c6    program     static C:\Users\louis\source\repos\ISEN\CSI3\projet-janvier-assembleur-PIC18\projet_janvier.X\main.asm
              TEMPO_100US   0x0000d0    program     static C:\Users\louis\source\repos\ISEN\CSI3\projet-janvier-assembleur-PIC18\projet_janvier.X\main.asm
          TEMPO_100US_RUN   0x0000e0    program     static C:\Users\louis\source\repos\ISEN\CSI3\projet-janvier-assembleur-PIC18\projet_janvier.X\main.asm
               TEMPO_10MS   0x0000ea    program     static C:\Users\louis\source\repos\ISEN\CSI3\projet-janvier-assembleur-PIC18\projet_janvier.X\main.asm
           TEMPO_10MS_RUN   0x0000fa    program     static C:\Users\louis\source\repos\ISEN\CSI3\projet-janvier-assembleur-PIC18\projet_janvier.X\main.asm
                 TEMPO_1S   0x000082    program     static C:\Users\louis\source\repos\ISEN\CSI3\projet-janvier-assembleur-PIC18\projet_janvier.X\main.asm
             TEMPO_1S_RUN   0x000092    program     static C:\Users\louis\source\repos\ISEN\CSI3\projet-janvier-assembleur-PIC18\projet_janvier.X\main.asm
               TEMPO_20MS   0x000104    program     static C:\Users\louis\source\repos\ISEN\CSI3\projet-janvier-assembleur-PIC18\projet_janvier.X\main.asm
           TEMPO_20MS_RUN   0x000114    program     static C:\Users\louis\source\repos\ISEN\CSI3\projet-janvier-assembleur-PIC18\projet_janvier.X\main.asm
                    Test2   0x0002f8    program     static C:\Users\louis\source\repos\ISEN\CSI3\projet-janvier-assembleur-PIC18\projet_janvier.X\main.asm
                    Test3   0x00030a    program     static C:\Users\louis\source\repos\ISEN\CSI3\projet-janvier-assembleur-PIC18\projet_janvier.X\main.asm
                    Test4   0x00031c    program     static C:\Users\louis\source\repos\ISEN\CSI3\projet-janvier-assembleur-PIC18\projet_janvier.X\main.asm
           TurnOffAllLEDs   0x00015a    program     static C:\Users\louis\source\repos\ISEN\CSI3\projet-janvier-assembleur-PIC18\projet_janvier.X\main.asm
               TurnOffLD0   0x00011e    program     static C:\Users\louis\source\repos\ISEN\CSI3\projet-janvier-assembleur-PIC18\projet_janvier.X\main.asm
               TurnOffLD1   0x00012a    program     static C:\Users\louis\source\repos\ISEN\CSI3\projet-janvier-assembleur-PIC18\projet_janvier.X\main.asm
               TurnOffLD2   0x000136    program     static C:\Users\louis\source\repos\ISEN\CSI3\projet-janvier-assembleur-PIC18\projet_janvier.X\main.asm
               TurnOffLD3   0x000142    program     static C:\Users\louis\source\repos\ISEN\CSI3\projet-janvier-assembleur-PIC18\projet_janvier.X\main.asm
            TurnOnAllLEDs   0x00014e    program     static C:\Users\louis\source\repos\ISEN\CSI3\projet-janvier-assembleur-PIC18\projet_janvier.X\main.asm
                TurnOnLD0   0x000124    program     static C:\Users\louis\source\repos\ISEN\CSI3\projet-janvier-assembleur-PIC18\projet_janvier.X\main.asm
                TurnOnLD1   0x000130    program     static C:\Users\louis\source\repos\ISEN\CSI3\projet-janvier-assembleur-PIC18\projet_janvier.X\main.asm
                TurnOnLD2   0x00013c    program     static C:\Users\louis\source\repos\ISEN\CSI3\projet-janvier-assembleur-PIC18\projet_janvier.X\main.asm
                TurnOnLD3   0x000148    program     static C:\Users\louis\source\repos\ISEN\CSI3\projet-janvier-assembleur-PIC18\projet_janvier.X\main.asm
                    White   0x000248    program     static C:\Users\louis\source\repos\ISEN\CSI3\projet-janvier-assembleur-PIC18\projet_janvier.X\main.asm
                   Yellow   0x00023a    program     static C:\Users\louis\source\repos\ISEN\CSI3\projet-janvier-assembleur-PIC18\projet_janvier.X\main.asm
           lastBtnPressed   0x000000       data     static C:\Users\louis\source\repos\ISEN\CSI3\projet-janvier-assembleur-PIC18\projet_janvier.X\main.asm
               ledCounter   0x000001       data     static C:\Users\louis\source\repos\ISEN\CSI3\projet-janvier-assembleur-PIC18\projet_janvier.X\main.asm



                              Symbols - Sorted by Address
                     Name    Address   Location    Storage File                     
                ---------  ---------  ---------  --------- ---------                
                ConfigOsc   0x000004    program     static C:\Users\louis\source\repos\ISEN\CSI3\projet-janvier-assembleur-PIC18\projet_janvier.X\main.asm
              ConfigPorts   0x000012    program     static C:\Users\louis\source\repos\ISEN\CSI3\projet-janvier-assembleur-PIC18\projet_janvier.X\main.asm
                ConfigRGB   0x000026    program     static C:\Users\louis\source\repos\ISEN\CSI3\projet-janvier-assembleur-PIC18\projet_janvier.X\main.asm
            ConfigButtons   0x000034    program     static C:\Users\louis\source\repos\ISEN\CSI3\projet-janvier-assembleur-PIC18\projet_janvier.X\main.asm
                ConfigPWM   0x000066    program     static C:\Users\louis\source\repos\ISEN\CSI3\projet-janvier-assembleur-PIC18\projet_janvier.X\main.asm
                    START   0x000068    program     static C:\Users\louis\source\repos\ISEN\CSI3\projet-janvier-assembleur-PIC18\projet_janvier.X\main.asm
                MAIN_LOOP   0x00007a    program     static C:\Users\louis\source\repos\ISEN\CSI3\projet-janvier-assembleur-PIC18\projet_janvier.X\main.asm
                 TEMPO_1S   0x000082    program     static C:\Users\louis\source\repos\ISEN\CSI3\projet-janvier-assembleur-PIC18\projet_janvier.X\main.asm
             TEMPO_1S_RUN   0x000092    program     static C:\Users\louis\source\repos\ISEN\CSI3\projet-janvier-assembleur-PIC18\projet_janvier.X\main.asm
               TEMPO_0_2S   0x00009c    program     static C:\Users\louis\source\repos\ISEN\CSI3\projet-janvier-assembleur-PIC18\projet_janvier.X\main.asm
           TEMPO_0_2S_RUN   0x0000ac    program     static C:\Users\louis\source\repos\ISEN\CSI3\projet-janvier-assembleur-PIC18\projet_janvier.X\main.asm
               TEMPO_0_5S   0x0000b6    program     static C:\Users\louis\source\repos\ISEN\CSI3\projet-janvier-assembleur-PIC18\projet_janvier.X\main.asm
           TEMPO_0_5S_RUN   0x0000c6    program     static C:\Users\louis\source\repos\ISEN\CSI3\projet-janvier-assembleur-PIC18\projet_janvier.X\main.asm
              TEMPO_100US   0x0000d0    program     static C:\Users\louis\source\repos\ISEN\CSI3\projet-janvier-assembleur-PIC18\projet_janvier.X\main.asm
          TEMPO_100US_RUN   0x0000e0    program     static C:\Users\louis\source\repos\ISEN\CSI3\projet-janvier-assembleur-PIC18\projet_janvier.X\main.asm
               TEMPO_10MS   0x0000ea    program     static C:\Users\louis\source\repos\ISEN\CSI3\projet-janvier-assembleur-PIC18\projet_janvier.X\main.asm
           TEMPO_10MS_RUN   0x0000fa    program     static C:\Users\louis\source\repos\ISEN\CSI3\projet-janvier-assembleur-PIC18\projet_janvier.X\main.asm
               TEMPO_20MS   0x000104    program     static C:\Users\louis\source\repos\ISEN\CSI3\projet-janvier-assembleur-PIC18\projet_janvier.X\main.asm
           TEMPO_20MS_RUN   0x000114    program     static C:\Users\louis\source\repos\ISEN\CSI3\projet-janvier-assembleur-PIC18\projet_janvier.X\main.asm
               TurnOffLD0   0x00011e    program     static C:\Users\louis\source\repos\ISEN\CSI3\projet-janvier-assembleur-PIC18\projet_janvier.X\main.asm
                TurnOnLD0   0x000124    program     static C:\Users\louis\source\repos\ISEN\CSI3\projet-janvier-assembleur-PIC18\projet_janvier.X\main.asm
               TurnOffLD1   0x00012a    program     static C:\Users\louis\source\repos\ISEN\CSI3\projet-janvier-assembleur-PIC18\projet_janvier.X\main.asm
                TurnOnLD1   0x000130    program     static C:\Users\louis\source\repos\ISEN\CSI3\projet-janvier-assembleur-PIC18\projet_janvier.X\main.asm
               TurnOffLD2   0x000136    program     static C:\Users\louis\source\repos\ISEN\CSI3\projet-janvier-assembleur-PIC18\projet_janvier.X\main.asm
                TurnOnLD2   0x00013c    program     static C:\Users\louis\source\repos\ISEN\CSI3\projet-janvier-assembleur-PIC18\projet_janvier.X\main.asm
               TurnOffLD3   0x000142    program     static C:\Users\louis\source\repos\ISEN\CSI3\projet-janvier-assembleur-PIC18\projet_janvier.X\main.asm
                TurnOnLD3   0x000148    program     static C:\Users\louis\source\repos\ISEN\CSI3\projet-janvier-assembleur-PIC18\projet_janvier.X\main.asm
            TurnOnAllLEDs   0x00014e    program     static C:\Users\louis\source\repos\ISEN\CSI3\projet-janvier-assembleur-PIC18\projet_janvier.X\main.asm
           TurnOffAllLEDs   0x00015a    program     static C:\Users\louis\source\repos\ISEN\CSI3\projet-janvier-assembleur-PIC18\projet_janvier.X\main.asm
               LEDv_blink   0x000166    program     static C:\Users\louis\source\repos\ISEN\CSI3\projet-janvier-assembleur-PIC18\projet_janvier.X\main.asm
                     Bit0   0x00018a    program     static C:\Users\louis\source\repos\ISEN\CSI3\projet-janvier-assembleur-PIC18\projet_janvier.X\main.asm
                     Bit1   0x0001aa    program     static C:\Users\louis\source\repos\ISEN\CSI3\projet-janvier-assembleur-PIC18\projet_janvier.X\main.asm
                  ColorOn   0x0001cc    program     static C:\Users\louis\source\repos\ISEN\CSI3\projet-janvier-assembleur-PIC18\projet_janvier.X\main.asm
                 ColorOff   0x0001ee    program     static C:\Users\louis\source\repos\ISEN\CSI3\projet-janvier-assembleur-PIC18\projet_janvier.X\main.asm
                      Red   0x000210    program     static C:\Users\louis\source\repos\ISEN\CSI3\projet-janvier-assembleur-PIC18\projet_janvier.X\main.asm
                    Green   0x00021e    program     static C:\Users\louis\source\repos\ISEN\CSI3\projet-janvier-assembleur-PIC18\projet_janvier.X\main.asm
                     Blue   0x00022c    program     static C:\Users\louis\source\repos\ISEN\CSI3\projet-janvier-assembleur-PIC18\projet_janvier.X\main.asm
                   Yellow   0x00023a    program     static C:\Users\louis\source\repos\ISEN\CSI3\projet-janvier-assembleur-PIC18\projet_janvier.X\main.asm
                    White   0x000248    program     static C:\Users\louis\source\repos\ISEN\CSI3\projet-janvier-assembleur-PIC18\projet_janvier.X\main.asm
                RGBLEDOff   0x000256    program     static C:\Users\louis\source\repos\ISEN\CSI3\projet-janvier-assembleur-PIC18\projet_janvier.X\main.asm
          AllRGBLEDsWhite   0x000264    program     static C:\Users\louis\source\repos\ISEN\CSI3\projet-janvier-assembleur-PIC18\projet_janvier.X\main.asm
            AllRGBLEDsOff   0x000296    program     static C:\Users\louis\source\repos\ISEN\CSI3\projet-janvier-assembleur-PIC18\projet_janvier.X\main.asm
              AwaitButton   0x0002c8    program     static C:\Users\louis\source\repos\ISEN\CSI3\projet-janvier-assembleur-PIC18\projet_janvier.X\main.asm
           ButtonPress_No   0x0002de    program     static C:\Users\louis\source\repos\ISEN\CSI3\projet-janvier-assembleur-PIC18\projet_janvier.X\main.asm
          HandleLedButton   0x0002e2    program     static C:\Users\louis\source\repos\ISEN\CSI3\projet-janvier-assembleur-PIC18\projet_janvier.X\main.asm
                    Test2   0x0002f8    program     static C:\Users\louis\source\repos\ISEN\CSI3\projet-janvier-assembleur-PIC18\projet_janvier.X\main.asm
                    Test3   0x00030a    program     static C:\Users\louis\source\repos\ISEN\CSI3\projet-janvier-assembleur-PIC18\projet_janvier.X\main.asm
                    Test4   0x00031c    program     static C:\Users\louis\source\repos\ISEN\CSI3\projet-janvier-assembleur-PIC18\projet_janvier.X\main.asm
                     Led0   0x000326    program     static C:\Users\louis\source\repos\ISEN\CSI3\projet-janvier-assembleur-PIC18\projet_janvier.X\main.asm
               IncCounter   0x000330    program     static C:\Users\louis\source\repos\ISEN\CSI3\projet-janvier-assembleur-PIC18\projet_janvier.X\main.asm
                EndHandle   0x000334    program     static C:\Users\louis\source\repos\ISEN\CSI3\projet-janvier-assembleur-PIC18\projet_janvier.X\main.asm
           lastBtnPressed   0x000000       data     static C:\Users\louis\source\repos\ISEN\CSI3\projet-janvier-assembleur-PIC18\projet_janvier.X\main.asm
               ledCounter   0x000001       data     static C:\Users\louis\source\repos\ISEN\CSI3\projet-janvier-assembleur-PIC18\projet_janvier.X\main.asm


