MPLINK 5.09, LINKER
Linker Map File - Created Fri Jan 16 12:06:50 2026

                                 Section Info
                  Section       Type    Address   Location Size(Bytes)
                ---------  ---------  ---------  ---------  ---------
                 RES_VECT       code   0x000000    program   0x0001f0
                   .cinit    romdata   0x0001f0    program   0x000002
                MAIN_PROG       code   0x0001f2    program   0x00052e
.config_300000_BUILD/DEFAULT/PRODUCTION/_EXT/18    romdata   0x300000    program   0x000001
.config_300001_BUILD/DEFAULT/PRODUCTION/_EXT/18    romdata   0x300001    program   0x000001
.config_300004_BUILD/DEFAULT/PRODUCTION/_EXT/18    romdata   0x300004    program   0x000001
.config_300007_BUILD/DEFAULT/PRODUCTION/_EXT/18    romdata   0x300007    program   0x000001
                      var      udata   0x000000       data   0x00000c
                rgbColors      udata   0x00000c       data   0x00000c



                              Program Memory Usage 
                               Start         End      
                           ---------   ---------      
                            0x000000    0x00071f      
                            0x300000    0x300001      
                            0x300004    0x300004      
                            0x300007    0x300007      
            1828 out of 33054 program addresses used, program memory utilization is 5%



                              Symbols - Sorted by Name
                     Name    Address   Location    Storage File                     
                ---------  ---------  ---------  --------- ---------                
            AllRGBLEDsOff   0x0004a2    program     static C:\Users\louis\source\repos\ISEN\CSI3\projet-janvier-assembleur-PIC18\projet_janvier.X\main.asm
          AllRGBLEDsWhite   0x00043e    program     static C:\Users\louis\source\repos\ISEN\CSI3\projet-janvier-assembleur-PIC18\projet_janvier.X\main.asm
              AwaitButton   0x0004d4    program     static C:\Users\louis\source\repos\ISEN\CSI3\projet-janvier-assembleur-PIC18\projet_janvier.X\main.asm
               BCD_To_Dec   0x00015a    program     static C:\Users\louis\source\repos\ISEN\CSI3\projet-janvier-assembleur-PIC18\projet_janvier.X\main.asm
                     Bit0   0x000356    program     static C:\Users\louis\source\repos\ISEN\CSI3\projet-janvier-assembleur-PIC18\projet_janvier.X\main.asm
                     Bit1   0x000376    program     static C:\Users\louis\source\repos\ISEN\CSI3\projet-janvier-assembleur-PIC18\projet_janvier.X\main.asm
                     Blue   0x0003f8    program     static C:\Users\louis\source\repos\ISEN\CSI3\projet-janvier-assembleur-PIC18\projet_janvier.X\main.asm
            ButtonPress_1   0x000552    program     static C:\Users\louis\source\repos\ISEN\CSI3\projet-janvier-assembleur-PIC18\projet_janvier.X\main.asm
            ButtonPress_2   0x000528    program     static C:\Users\louis\source\repos\ISEN\CSI3\projet-janvier-assembleur-PIC18\projet_janvier.X\main.asm
            ButtonPress_3   0x0004fe    program     static C:\Users\louis\source\repos\ISEN\CSI3\projet-janvier-assembleur-PIC18\projet_janvier.X\main.asm
            ButtonPress_4   0x0004d4    program     static C:\Users\louis\source\repos\ISEN\CSI3\projet-janvier-assembleur-PIC18\projet_janvier.X\main.asm
           ButtonPress_NO   0x00057c    program     static C:\Users\louis\source\repos\ISEN\CSI3\projet-janvier-assembleur-PIC18\projet_janvier.X\main.asm
                 ColorOff   0x0003ba    program     static C:\Users\louis\source\repos\ISEN\CSI3\projet-janvier-assembleur-PIC18\projet_janvier.X\main.asm
                  ColorOn   0x000398    program     static C:\Users\louis\source\repos\ISEN\CSI3\projet-janvier-assembleur-PIC18\projet_janvier.X\main.asm
       ComputeLedvCounter   0x00070c    program     static C:\Users\louis\source\repos\ISEN\CSI3\projet-janvier-assembleur-PIC18\projet_janvier.X\main.asm
      ComputeMinutesIndex   0x0006f8    program     static C:\Users\louis\source\repos\ISEN\CSI3\projet-janvier-assembleur-PIC18\projet_janvier.X\main.asm
            ConfigButtons   0x000034    program     static C:\Users\louis\source\repos\ISEN\CSI3\projet-janvier-assembleur-PIC18\projet_janvier.X\main.asm
               ConfigLEDv   0x000012    program     static C:\Users\louis\source\repos\ISEN\CSI3\projet-janvier-assembleur-PIC18\projet_janvier.X\main.asm
                ConfigOsc   0x000004    program     static C:\Users\louis\source\repos\ISEN\CSI3\projet-janvier-assembleur-PIC18\projet_janvier.X\main.asm
                ConfigRGB   0x000026    program     static C:\Users\louis\source\repos\ISEN\CSI3\projet-janvier-assembleur-PIC18\projet_janvier.X\main.asm
               DecBCD_End   0x000182    program     static C:\Users\louis\source\repos\ISEN\CSI3\projet-janvier-assembleur-PIC18\projet_janvier.X\main.asm
              DecBCD_Loop   0x000176    program     static C:\Users\louis\source\repos\ISEN\CSI3\projet-janvier-assembleur-PIC18\projet_janvier.X\main.asm
              DecH_Update   0x000606    program     static C:\Users\louis\source\repos\ISEN\CSI3\projet-janvier-assembleur-PIC18\projet_janvier.X\main.asm
                DecH_Wrap   0x000602    program     static C:\Users\louis\source\repos\ISEN\CSI3\projet-janvier-assembleur-PIC18\projet_janvier.X\main.asm
                  DecLEDv   0x0005ea    program     static C:\Users\louis\source\repos\ISEN\CSI3\projet-janvier-assembleur-PIC18\projet_janvier.X\main.asm
               DecLEDv_OK   0x00060a    program     static C:\Users\louis\source\repos\ISEN\CSI3\projet-janvier-assembleur-PIC18\projet_janvier.X\main.asm
               Dec_To_BCD   0x000172    program     static C:\Users\louis\source\repos\ISEN\CSI3\projet-janvier-assembleur-PIC18\projet_janvier.X\main.asm
                 Div5_End   0x00070a    program     static C:\Users\louis\source\repos\ISEN\CSI3\projet-janvier-assembleur-PIC18\projet_janvier.X\main.asm
                Div5_End2   0x00071a    program     static C:\Users\louis\source\repos\ISEN\CSI3\projet-janvier-assembleur-PIC18\projet_janvier.X\main.asm
                Div5_Loop   0x0006fe    program     static C:\Users\louis\source\repos\ISEN\CSI3\projet-janvier-assembleur-PIC18\projet_janvier.X\main.asm
               Div5_Loop2   0x000710    program     static C:\Users\louis\source\repos\ISEN\CSI3\projet-janvier-assembleur-PIC18\projet_janvier.X\main.asm
         FirstRGBLEDWhite   0x000470    program     static C:\Users\louis\source\repos\ISEN\CSI3\projet-janvier-assembleur-PIC18\projet_janvier.X\main.asm
                    Green   0x0003ea    program     static C:\Users\louis\source\repos\ISEN\CSI3\projet-janvier-assembleur-PIC18\projet_janvier.X\main.asm
                   H2_End   0x0005ae    program     static C:\Users\louis\source\repos\ISEN\CSI3\projet-janvier-assembleur-PIC18\projet_janvier.X\main.asm
                  H2_Wrap   0x0005aa    program     static C:\Users\louis\source\repos\ISEN\CSI3\projet-janvier-assembleur-PIC18\projet_janvier.X\main.asm
           HandleButton_1   0x0005b8    program     static C:\Users\louis\source\repos\ISEN\CSI3\projet-janvier-assembleur-PIC18\projet_janvier.X\main.asm
           HandleButton_2   0x00059e    program     static C:\Users\louis\source\repos\ISEN\CSI3\projet-janvier-assembleur-PIC18\projet_janvier.X\main.asm
           HandleButton_3   0x00058a    program     static C:\Users\louis\source\repos\ISEN\CSI3\projet-janvier-assembleur-PIC18\projet_janvier.X\main.asm
           HandleButton_4   0x00057e    program     static C:\Users\louis\source\repos\ISEN\CSI3\projet-janvier-assembleur-PIC18\projet_janvier.X\main.asm
                  IncLEDv   0x0005c4    program     static C:\Users\louis\source\repos\ISEN\CSI3\projet-janvier-assembleur-PIC18\projet_janvier.X\main.asm
           IncLEDv_NoWrap   0x0005dc    program     static C:\Users\louis\source\repos\ISEN\CSI3\projet-janvier-assembleur-PIC18\projet_janvier.X\main.asm
                  InitI2C   0x000066    program     static C:\Users\louis\source\repos\ISEN\CSI3\projet-janvier-assembleur-PIC18\projet_janvier.X\main.asm
                  InitRTC   0x00009a    program     static C:\Users\louis\source\repos\ISEN\CSI3\projet-janvier-assembleur-PIC18\projet_janvier.X\main.asm
               LEDv_blink   0x000332    program     static C:\Users\louis\source\repos\ISEN\CSI3\projet-janvier-assembleur-PIC18\projet_janvier.X\main.asm
        LoopSetColorIndex   0x0006a0    program     static C:\Users\louis\source\repos\ISEN\CSI3\projet-janvier-assembleur-PIC18\projet_janvier.X\main.asm
                MAIN_LOOP   0x000242    program     static C:\Users\louis\source\repos\ISEN\CSI3\projet-janvier-assembleur-PIC18\projet_janvier.X\main.asm
     Minutes_Equals_Hours   0x000688    program     static C:\Users\louis\source\repos\ISEN\CSI3\projet-janvier-assembleur-PIC18\projet_janvier.X\main.asm
                   Purple   0x000414    program     static C:\Users\louis\source\repos\ISEN\CSI3\projet-janvier-assembleur-PIC18\projet_janvier.X\main.asm
                RGBLEDOff   0x000430    program     static C:\Users\louis\source\repos\ISEN\CSI3\projet-janvier-assembleur-PIC18\projet_janvier.X\main.asm
                  RGB_Off   0x0006dc    program     static C:\Users\louis\source\repos\ISEN\CSI3\projet-janvier-assembleur-PIC18\projet_janvier.X\main.asm
              RTC_H_Not12   0x0001ba    program     static C:\Users\louis\source\repos\ISEN\CSI3\projet-janvier-assembleur-PIC18\projet_janvier.X\main.asm
           ReadAndDisplay   0x000254    program     static C:\Users\louis\source\repos\ISEN\CSI3\projet-janvier-assembleur-PIC18\projet_janvier.X\main.asm
             ReadRTC_Time   0x00018a    program     static C:\Users\louis\source\repos\ISEN\CSI3\projet-janvier-assembleur-PIC18\projet_janvier.X\main.asm
                      Red   0x0003dc    program     static C:\Users\louis\source\repos\ISEN\CSI3\projet-janvier-assembleur-PIC18\projet_janvier.X\main.asm
                    START   0x0001f2    program     static C:\Users\louis\source\repos\ISEN\CSI3\projet-janvier-assembleur-PIC18\projet_janvier.X\main.asm
       SendColorForOneRGB   0x0006ae    program     static C:\Users\louis\source\repos\ISEN\CSI3\projet-janvier-assembleur-PIC18\projet_janvier.X\main.asm
          SendFullBusLoop   0x0006ea    program     static C:\Users\louis\source\repos\ISEN\CSI3\projet-janvier-assembleur-PIC18\projet_janvier.X\main.asm
           SendFullBusRGB   0x0006e2    program     static C:\Users\louis\source\repos\ISEN\CSI3\projet-janvier-assembleur-PIC18\projet_janvier.X\main.asm
               TEMPO_0_1S   0x0002b6    program     static C:\Users\louis\source\repos\ISEN\CSI3\projet-janvier-assembleur-PIC18\projet_janvier.X\main.asm
           TEMPO_0_1S_RUN   0x0002c6    program     static C:\Users\louis\source\repos\ISEN\CSI3\projet-janvier-assembleur-PIC18\projet_janvier.X\main.asm
               TEMPO_0_2S   0x00029c    program     static C:\Users\louis\source\repos\ISEN\CSI3\projet-janvier-assembleur-PIC18\projet_janvier.X\main.asm
           TEMPO_0_2S_RUN   0x0002ac    program     static C:\Users\louis\source\repos\ISEN\CSI3\projet-janvier-assembleur-PIC18\projet_janvier.X\main.asm
               TEMPO_0_5S   0x000282    program     static C:\Users\louis\source\repos\ISEN\CSI3\projet-janvier-assembleur-PIC18\projet_janvier.X\main.asm
           TEMPO_0_5S_RUN   0x000292    program     static C:\Users\louis\source\repos\ISEN\CSI3\projet-janvier-assembleur-PIC18\projet_janvier.X\main.asm
               TEMPO_10MS   0x0002d0    program     static C:\Users\louis\source\repos\ISEN\CSI3\projet-janvier-assembleur-PIC18\projet_janvier.X\main.asm
           TEMPO_10MS_RUN   0x0002e0    program     static C:\Users\louis\source\repos\ISEN\CSI3\projet-janvier-assembleur-PIC18\projet_janvier.X\main.asm
                 TEMPO_1S   0x000268    program     static C:\Users\louis\source\repos\ISEN\CSI3\projet-janvier-assembleur-PIC18\projet_janvier.X\main.asm
             TEMPO_1S_RUN   0x000278    program     static C:\Users\louis\source\repos\ISEN\CSI3\projet-janvier-assembleur-PIC18\projet_janvier.X\main.asm
                 TestBlue   0x0006c0    program     static C:\Users\louis\source\repos\ISEN\CSI3\projet-janvier-assembleur-PIC18\projet_janvier.X\main.asm
               TestPurple   0x0006ce    program     static C:\Users\louis\source\repos\ISEN\CSI3\projet-janvier-assembleur-PIC18\projet_janvier.X\main.asm
           TurnOffAllLEDs   0x000326    program     static C:\Users\louis\source\repos\ISEN\CSI3\projet-janvier-assembleur-PIC18\projet_janvier.X\main.asm
               TurnOffLD0   0x0002ea    program     static C:\Users\louis\source\repos\ISEN\CSI3\projet-janvier-assembleur-PIC18\projet_janvier.X\main.asm
               TurnOffLD1   0x0002f6    program     static C:\Users\louis\source\repos\ISEN\CSI3\projet-janvier-assembleur-PIC18\projet_janvier.X\main.asm
               TurnOffLD2   0x000302    program     static C:\Users\louis\source\repos\ISEN\CSI3\projet-janvier-assembleur-PIC18\projet_janvier.X\main.asm
               TurnOffLD3   0x00030e    program     static C:\Users\louis\source\repos\ISEN\CSI3\projet-janvier-assembleur-PIC18\projet_janvier.X\main.asm
            TurnOnAllLEDs   0x00031a    program     static C:\Users\louis\source\repos\ISEN\CSI3\projet-janvier-assembleur-PIC18\projet_janvier.X\main.asm
                TurnOnLD0   0x0002f0    program     static C:\Users\louis\source\repos\ISEN\CSI3\projet-janvier-assembleur-PIC18\projet_janvier.X\main.asm
                TurnOnLD1   0x0002fc    program     static C:\Users\louis\source\repos\ISEN\CSI3\projet-janvier-assembleur-PIC18\projet_janvier.X\main.asm
                TurnOnLD2   0x000308    program     static C:\Users\louis\source\repos\ISEN\CSI3\projet-janvier-assembleur-PIC18\projet_janvier.X\main.asm
                TurnOnLD3   0x000314    program     static C:\Users\louis\source\repos\ISEN\CSI3\projet-janvier-assembleur-PIC18\projet_janvier.X\main.asm
                 UGV_Chk2   0x00062e    program     static C:\Users\louis\source\repos\ISEN\CSI3\projet-janvier-assembleur-PIC18\projet_janvier.X\main.asm
                 UGV_Chk3   0x00063c    program     static C:\Users\louis\source\repos\ISEN\CSI3\projet-janvier-assembleur-PIC18\projet_janvier.X\main.asm
                 UGV_Chk4   0x00064a    program     static C:\Users\louis\source\repos\ISEN\CSI3\projet-janvier-assembleur-PIC18\projet_janvier.X\main.asm
                  UGV_End   0x00064e    program     static C:\Users\louis\source\repos\ISEN\CSI3\projet-janvier-assembleur-PIC18\projet_janvier.X\main.asm
                 UR_Clear   0x000658    program     static C:\Users\louis\source\repos\ISEN\CSI3\projet-janvier-assembleur-PIC18\projet_janvier.X\main.asm
                  UR_Send   0x000694    program     static C:\Users\louis\source\repos\ISEN\CSI3\projet-janvier-assembleur-PIC18\projet_janvier.X\main.asm
          UpdateGreenLEDs   0x000618    program     static C:\Users\louis\source\repos\ISEN\CSI3\projet-janvier-assembleur-PIC18\projet_janvier.X\main.asm
         UpdateRGBDisplay   0x000650    program     static C:\Users\louis\source\repos\ISEN\CSI3\projet-janvier-assembleur-PIC18\projet_janvier.X\main.asm
               WH_Convert   0x0001dc    program     static C:\Users\louis\source\repos\ISEN\CSI3\projet-janvier-assembleur-PIC18\projet_janvier.X\main.asm
               WH_NotZero   0x0001dc    program     static C:\Users\louis\source\repos\ISEN\CSI3\projet-janvier-assembleur-PIC18\projet_janvier.X\main.asm
                    White   0x000422    program     static C:\Users\louis\source\repos\ISEN\CSI3\projet-janvier-assembleur-PIC18\projet_janvier.X\main.asm
           WriteRTC_Hours   0x0001d2    program     static C:\Users\louis\source\repos\ISEN\CSI3\projet-janvier-assembleur-PIC18\projet_janvier.X\main.asm
         WriteRTC_Minutes   0x0001c0    program     static C:\Users\louis\source\repos\ISEN\CSI3\projet-janvier-assembleur-PIC18\projet_janvier.X\main.asm
                   Yellow   0x000406    program     static C:\Users\louis\source\repos\ISEN\CSI3\projet-janvier-assembleur-PIC18\projet_janvier.X\main.asm
          loop_rx_restart   0x000120    program     static C:\Users\louis\source\repos\ISEN\CSI3\projet-janvier-assembleur-PIC18\projet_janvier.X\main.asm
           loop_rx_start1   0x0000fe    program     static C:\Users\louis\source\repos\ISEN\CSI3\projet-janvier-assembleur-PIC18\projet_janvier.X\main.asm
        loop_rx_wait_data   0x000136    program     static C:\Users\louis\source\repos\ISEN\CSI3\projet-janvier-assembleur-PIC18\projet_janvier.X\main.asm
        loop_rx_wait_dev1   0x00010a    program     static C:\Users\louis\source\repos\ISEN\CSI3\projet-janvier-assembleur-PIC18\projet_janvier.X\main.asm
        loop_rx_wait_dev2   0x00012c    program     static C:\Users\louis\source\repos\ISEN\CSI3\projet-janvier-assembleur-PIC18\projet_janvier.X\main.asm
        loop_rx_wait_nack   0x000146    program     static C:\Users\louis\source\repos\ISEN\CSI3\projet-janvier-assembleur-PIC18\projet_janvier.X\main.asm
         loop_rx_wait_reg   0x000116    program     static C:\Users\louis\source\repos\ISEN\CSI3\projet-janvier-assembleur-PIC18\projet_janvier.X\main.asm
        loop_rx_wait_stop   0x000150    program     static C:\Users\louis\source\repos\ISEN\CSI3\projet-janvier-assembleur-PIC18\projet_janvier.X\main.asm
        loop_send_adr_dev   0x0000ce    program     static C:\Users\louis\source\repos\ISEN\CSI3\projet-janvier-assembleur-PIC18\projet_janvier.X\main.asm
        loop_send_adr_reg   0x0000da    program     static C:\Users\louis\source\repos\ISEN\CSI3\projet-janvier-assembleur-PIC18\projet_janvier.X\main.asm
           loop_send_data   0x0000e6    program     static C:\Users\louis\source\repos\ISEN\CSI3\projet-janvier-assembleur-PIC18\projet_janvier.X\main.asm
          loop_send_start   0x0000c2    program     static C:\Users\louis\source\repos\ISEN\CSI3\projet-janvier-assembleur-PIC18\projet_janvier.X\main.asm
           loop_send_stop   0x0000f0    program     static C:\Users\louis\source\repos\ISEN\CSI3\projet-janvier-assembleur-PIC18\projet_janvier.X\main.asm
              receive_i2c   0x0000fa    program     static C:\Users\louis\source\repos\ISEN\CSI3\projet-janvier-assembleur-PIC18\projet_janvier.X\main.asm
                 send_i2c   0x0000be    program     static C:\Users\louis\source\repos\ISEN\CSI3\projet-janvier-assembleur-PIC18\projet_janvier.X\main.asm
             data_address   0x000008       data     static C:\Users\louis\source\repos\ISEN\CSI3\projet-janvier-assembleur-PIC18\projet_janvier.X\main.asm
             data_receive   0x00000a       data     static C:\Users\louis\source\repos\ISEN\CSI3\projet-janvier-assembleur-PIC18\projet_janvier.X\main.asm
            data_transmit   0x000009       data     static C:\Users\louis\source\repos\ISEN\CSI3\projet-janvier-assembleur-PIC18\projet_janvier.X\main.asm
                 editMode   0x00000b       data     static C:\Users\louis\source\repos\ISEN\CSI3\projet-janvier-assembleur-PIC18\projet_janvier.X\main.asm
             hoursCounter   0x000003       data     static C:\Users\louis\source\repos\ISEN\CSI3\projet-janvier-assembleur-PIC18\projet_janvier.X\main.asm
           lastBtnPressed   0x000000       data     static C:\Users\louis\source\repos\ISEN\CSI3\projet-janvier-assembleur-PIC18\projet_janvier.X\main.asm
              ledvCounter   0x000001       data     static C:\Users\louis\source\repos\ISEN\CSI3\projet-janvier-assembleur-PIC18\projet_janvier.X\main.asm
           minutesCounter   0x000002       data     static C:\Users\louis\source\repos\ISEN\CSI3\projet-janvier-assembleur-PIC18\projet_janvier.X\main.asm
             minutesIndex   0x000004       data     static C:\Users\louis\source\repos\ISEN\CSI3\projet-janvier-assembleur-PIC18\projet_janvier.X\main.asm
                     rgb0   0x00000c       data     static C:\Users\louis\source\repos\ISEN\CSI3\projet-janvier-assembleur-PIC18\projet_janvier.X\main.asm
                     rgb1   0x00000d       data     static C:\Users\louis\source\repos\ISEN\CSI3\projet-janvier-assembleur-PIC18\projet_janvier.X\main.asm
                    rgb10   0x000016       data     static C:\Users\louis\source\repos\ISEN\CSI3\projet-janvier-assembleur-PIC18\projet_janvier.X\main.asm
                    rgb11   0x000017       data     static C:\Users\louis\source\repos\ISEN\CSI3\projet-janvier-assembleur-PIC18\projet_janvier.X\main.asm
                     rgb2   0x00000e       data     static C:\Users\louis\source\repos\ISEN\CSI3\projet-janvier-assembleur-PIC18\projet_janvier.X\main.asm
                     rgb3   0x00000f       data     static C:\Users\louis\source\repos\ISEN\CSI3\projet-janvier-assembleur-PIC18\projet_janvier.X\main.asm
                     rgb4   0x000010       data     static C:\Users\louis\source\repos\ISEN\CSI3\projet-janvier-assembleur-PIC18\projet_janvier.X\main.asm
                     rgb5   0x000011       data     static C:\Users\louis\source\repos\ISEN\CSI3\projet-janvier-assembleur-PIC18\projet_janvier.X\main.asm
                     rgb6   0x000012       data     static C:\Users\louis\source\repos\ISEN\CSI3\projet-janvier-assembleur-PIC18\projet_janvier.X\main.asm
                     rgb7   0x000013       data     static C:\Users\louis\source\repos\ISEN\CSI3\projet-janvier-assembleur-PIC18\projet_janvier.X\main.asm
                     rgb8   0x000014       data     static C:\Users\louis\source\repos\ISEN\CSI3\projet-janvier-assembleur-PIC18\projet_janvier.X\main.asm
                     rgb9   0x000015       data     static C:\Users\louis\source\repos\ISEN\CSI3\projet-janvier-assembleur-PIC18\projet_janvier.X\main.asm
                     temp   0x000005       data     static C:\Users\louis\source\repos\ISEN\CSI3\projet-janvier-assembleur-PIC18\projet_janvier.X\main.asm
                    temp2   0x000006       data     static C:\Users\louis\source\repos\ISEN\CSI3\projet-janvier-assembleur-PIC18\projet_janvier.X\main.asm
                tempIndex   0x000007       data     static C:\Users\louis\source\repos\ISEN\CSI3\projet-janvier-assembleur-PIC18\projet_janvier.X\main.asm



                              Symbols - Sorted by Address
                     Name    Address   Location    Storage File                     
                ---------  ---------  ---------  --------- ---------                
                ConfigOsc   0x000004    program     static C:\Users\louis\source\repos\ISEN\CSI3\projet-janvier-assembleur-PIC18\projet_janvier.X\main.asm
               ConfigLEDv   0x000012    program     static C:\Users\louis\source\repos\ISEN\CSI3\projet-janvier-assembleur-PIC18\projet_janvier.X\main.asm
                ConfigRGB   0x000026    program     static C:\Users\louis\source\repos\ISEN\CSI3\projet-janvier-assembleur-PIC18\projet_janvier.X\main.asm
            ConfigButtons   0x000034    program     static C:\Users\louis\source\repos\ISEN\CSI3\projet-janvier-assembleur-PIC18\projet_janvier.X\main.asm
                  InitI2C   0x000066    program     static C:\Users\louis\source\repos\ISEN\CSI3\projet-janvier-assembleur-PIC18\projet_janvier.X\main.asm
                  InitRTC   0x00009a    program     static C:\Users\louis\source\repos\ISEN\CSI3\projet-janvier-assembleur-PIC18\projet_janvier.X\main.asm
                 send_i2c   0x0000be    program     static C:\Users\louis\source\repos\ISEN\CSI3\projet-janvier-assembleur-PIC18\projet_janvier.X\main.asm
          loop_send_start   0x0000c2    program     static C:\Users\louis\source\repos\ISEN\CSI3\projet-janvier-assembleur-PIC18\projet_janvier.X\main.asm
        loop_send_adr_dev   0x0000ce    program     static C:\Users\louis\source\repos\ISEN\CSI3\projet-janvier-assembleur-PIC18\projet_janvier.X\main.asm
        loop_send_adr_reg   0x0000da    program     static C:\Users\louis\source\repos\ISEN\CSI3\projet-janvier-assembleur-PIC18\projet_janvier.X\main.asm
           loop_send_data   0x0000e6    program     static C:\Users\louis\source\repos\ISEN\CSI3\projet-janvier-assembleur-PIC18\projet_janvier.X\main.asm
           loop_send_stop   0x0000f0    program     static C:\Users\louis\source\repos\ISEN\CSI3\projet-janvier-assembleur-PIC18\projet_janvier.X\main.asm
              receive_i2c   0x0000fa    program     static C:\Users\louis\source\repos\ISEN\CSI3\projet-janvier-assembleur-PIC18\projet_janvier.X\main.asm
           loop_rx_start1   0x0000fe    program     static C:\Users\louis\source\repos\ISEN\CSI3\projet-janvier-assembleur-PIC18\projet_janvier.X\main.asm
        loop_rx_wait_dev1   0x00010a    program     static C:\Users\louis\source\repos\ISEN\CSI3\projet-janvier-assembleur-PIC18\projet_janvier.X\main.asm
         loop_rx_wait_reg   0x000116    program     static C:\Users\louis\source\repos\ISEN\CSI3\projet-janvier-assembleur-PIC18\projet_janvier.X\main.asm
          loop_rx_restart   0x000120    program     static C:\Users\louis\source\repos\ISEN\CSI3\projet-janvier-assembleur-PIC18\projet_janvier.X\main.asm
        loop_rx_wait_dev2   0x00012c    program     static C:\Users\louis\source\repos\ISEN\CSI3\projet-janvier-assembleur-PIC18\projet_janvier.X\main.asm
        loop_rx_wait_data   0x000136    program     static C:\Users\louis\source\repos\ISEN\CSI3\projet-janvier-assembleur-PIC18\projet_janvier.X\main.asm
        loop_rx_wait_nack   0x000146    program     static C:\Users\louis\source\repos\ISEN\CSI3\projet-janvier-assembleur-PIC18\projet_janvier.X\main.asm
        loop_rx_wait_stop   0x000150    program     static C:\Users\louis\source\repos\ISEN\CSI3\projet-janvier-assembleur-PIC18\projet_janvier.X\main.asm
               BCD_To_Dec   0x00015a    program     static C:\Users\louis\source\repos\ISEN\CSI3\projet-janvier-assembleur-PIC18\projet_janvier.X\main.asm
               Dec_To_BCD   0x000172    program     static C:\Users\louis\source\repos\ISEN\CSI3\projet-janvier-assembleur-PIC18\projet_janvier.X\main.asm
              DecBCD_Loop   0x000176    program     static C:\Users\louis\source\repos\ISEN\CSI3\projet-janvier-assembleur-PIC18\projet_janvier.X\main.asm
               DecBCD_End   0x000182    program     static C:\Users\louis\source\repos\ISEN\CSI3\projet-janvier-assembleur-PIC18\projet_janvier.X\main.asm
             ReadRTC_Time   0x00018a    program     static C:\Users\louis\source\repos\ISEN\CSI3\projet-janvier-assembleur-PIC18\projet_janvier.X\main.asm
              RTC_H_Not12   0x0001ba    program     static C:\Users\louis\source\repos\ISEN\CSI3\projet-janvier-assembleur-PIC18\projet_janvier.X\main.asm
         WriteRTC_Minutes   0x0001c0    program     static C:\Users\louis\source\repos\ISEN\CSI3\projet-janvier-assembleur-PIC18\projet_janvier.X\main.asm
           WriteRTC_Hours   0x0001d2    program     static C:\Users\louis\source\repos\ISEN\CSI3\projet-janvier-assembleur-PIC18\projet_janvier.X\main.asm
               WH_NotZero   0x0001dc    program     static C:\Users\louis\source\repos\ISEN\CSI3\projet-janvier-assembleur-PIC18\projet_janvier.X\main.asm
               WH_Convert   0x0001dc    program     static C:\Users\louis\source\repos\ISEN\CSI3\projet-janvier-assembleur-PIC18\projet_janvier.X\main.asm
                    START   0x0001f2    program     static C:\Users\louis\source\repos\ISEN\CSI3\projet-janvier-assembleur-PIC18\projet_janvier.X\main.asm
                MAIN_LOOP   0x000242    program     static C:\Users\louis\source\repos\ISEN\CSI3\projet-janvier-assembleur-PIC18\projet_janvier.X\main.asm
           ReadAndDisplay   0x000254    program     static C:\Users\louis\source\repos\ISEN\CSI3\projet-janvier-assembleur-PIC18\projet_janvier.X\main.asm
                 TEMPO_1S   0x000268    program     static C:\Users\louis\source\repos\ISEN\CSI3\projet-janvier-assembleur-PIC18\projet_janvier.X\main.asm
             TEMPO_1S_RUN   0x000278    program     static C:\Users\louis\source\repos\ISEN\CSI3\projet-janvier-assembleur-PIC18\projet_janvier.X\main.asm
               TEMPO_0_5S   0x000282    program     static C:\Users\louis\source\repos\ISEN\CSI3\projet-janvier-assembleur-PIC18\projet_janvier.X\main.asm
           TEMPO_0_5S_RUN   0x000292    program     static C:\Users\louis\source\repos\ISEN\CSI3\projet-janvier-assembleur-PIC18\projet_janvier.X\main.asm
               TEMPO_0_2S   0x00029c    program     static C:\Users\louis\source\repos\ISEN\CSI3\projet-janvier-assembleur-PIC18\projet_janvier.X\main.asm
           TEMPO_0_2S_RUN   0x0002ac    program     static C:\Users\louis\source\repos\ISEN\CSI3\projet-janvier-assembleur-PIC18\projet_janvier.X\main.asm
               TEMPO_0_1S   0x0002b6    program     static C:\Users\louis\source\repos\ISEN\CSI3\projet-janvier-assembleur-PIC18\projet_janvier.X\main.asm
           TEMPO_0_1S_RUN   0x0002c6    program     static C:\Users\louis\source\repos\ISEN\CSI3\projet-janvier-assembleur-PIC18\projet_janvier.X\main.asm
               TEMPO_10MS   0x0002d0    program     static C:\Users\louis\source\repos\ISEN\CSI3\projet-janvier-assembleur-PIC18\projet_janvier.X\main.asm
           TEMPO_10MS_RUN   0x0002e0    program     static C:\Users\louis\source\repos\ISEN\CSI3\projet-janvier-assembleur-PIC18\projet_janvier.X\main.asm
               TurnOffLD0   0x0002ea    program     static C:\Users\louis\source\repos\ISEN\CSI3\projet-janvier-assembleur-PIC18\projet_janvier.X\main.asm
                TurnOnLD0   0x0002f0    program     static C:\Users\louis\source\repos\ISEN\CSI3\projet-janvier-assembleur-PIC18\projet_janvier.X\main.asm
               TurnOffLD1   0x0002f6    program     static C:\Users\louis\source\repos\ISEN\CSI3\projet-janvier-assembleur-PIC18\projet_janvier.X\main.asm
                TurnOnLD1   0x0002fc    program     static C:\Users\louis\source\repos\ISEN\CSI3\projet-janvier-assembleur-PIC18\projet_janvier.X\main.asm
               TurnOffLD2   0x000302    program     static C:\Users\louis\source\repos\ISEN\CSI3\projet-janvier-assembleur-PIC18\projet_janvier.X\main.asm
                TurnOnLD2   0x000308    program     static C:\Users\louis\source\repos\ISEN\CSI3\projet-janvier-assembleur-PIC18\projet_janvier.X\main.asm
               TurnOffLD3   0x00030e    program     static C:\Users\louis\source\repos\ISEN\CSI3\projet-janvier-assembleur-PIC18\projet_janvier.X\main.asm
                TurnOnLD3   0x000314    program     static C:\Users\louis\source\repos\ISEN\CSI3\projet-janvier-assembleur-PIC18\projet_janvier.X\main.asm
            TurnOnAllLEDs   0x00031a    program     static C:\Users\louis\source\repos\ISEN\CSI3\projet-janvier-assembleur-PIC18\projet_janvier.X\main.asm
           TurnOffAllLEDs   0x000326    program     static C:\Users\louis\source\repos\ISEN\CSI3\projet-janvier-assembleur-PIC18\projet_janvier.X\main.asm
               LEDv_blink   0x000332    program     static C:\Users\louis\source\repos\ISEN\CSI3\projet-janvier-assembleur-PIC18\projet_janvier.X\main.asm
                     Bit0   0x000356    program     static C:\Users\louis\source\repos\ISEN\CSI3\projet-janvier-assembleur-PIC18\projet_janvier.X\main.asm
                     Bit1   0x000376    program     static C:\Users\louis\source\repos\ISEN\CSI3\projet-janvier-assembleur-PIC18\projet_janvier.X\main.asm
                  ColorOn   0x000398    program     static C:\Users\louis\source\repos\ISEN\CSI3\projet-janvier-assembleur-PIC18\projet_janvier.X\main.asm
                 ColorOff   0x0003ba    program     static C:\Users\louis\source\repos\ISEN\CSI3\projet-janvier-assembleur-PIC18\projet_janvier.X\main.asm
                      Red   0x0003dc    program     static C:\Users\louis\source\repos\ISEN\CSI3\projet-janvier-assembleur-PIC18\projet_janvier.X\main.asm
                    Green   0x0003ea    program     static C:\Users\louis\source\repos\ISEN\CSI3\projet-janvier-assembleur-PIC18\projet_janvier.X\main.asm
                     Blue   0x0003f8    program     static C:\Users\louis\source\repos\ISEN\CSI3\projet-janvier-assembleur-PIC18\projet_janvier.X\main.asm
                   Yellow   0x000406    program     static C:\Users\louis\source\repos\ISEN\CSI3\projet-janvier-assembleur-PIC18\projet_janvier.X\main.asm
                   Purple   0x000414    program     static C:\Users\louis\source\repos\ISEN\CSI3\projet-janvier-assembleur-PIC18\projet_janvier.X\main.asm
                    White   0x000422    program     static C:\Users\louis\source\repos\ISEN\CSI3\projet-janvier-assembleur-PIC18\projet_janvier.X\main.asm
                RGBLEDOff   0x000430    program     static C:\Users\louis\source\repos\ISEN\CSI3\projet-janvier-assembleur-PIC18\projet_janvier.X\main.asm
          AllRGBLEDsWhite   0x00043e    program     static C:\Users\louis\source\repos\ISEN\CSI3\projet-janvier-assembleur-PIC18\projet_janvier.X\main.asm
         FirstRGBLEDWhite   0x000470    program     static C:\Users\louis\source\repos\ISEN\CSI3\projet-janvier-assembleur-PIC18\projet_janvier.X\main.asm
            AllRGBLEDsOff   0x0004a2    program     static C:\Users\louis\source\repos\ISEN\CSI3\projet-janvier-assembleur-PIC18\projet_janvier.X\main.asm
            ButtonPress_4   0x0004d4    program     static C:\Users\louis\source\repos\ISEN\CSI3\projet-janvier-assembleur-PIC18\projet_janvier.X\main.asm
              AwaitButton   0x0004d4    program     static C:\Users\louis\source\repos\ISEN\CSI3\projet-janvier-assembleur-PIC18\projet_janvier.X\main.asm
            ButtonPress_3   0x0004fe    program     static C:\Users\louis\source\repos\ISEN\CSI3\projet-janvier-assembleur-PIC18\projet_janvier.X\main.asm
            ButtonPress_2   0x000528    program     static C:\Users\louis\source\repos\ISEN\CSI3\projet-janvier-assembleur-PIC18\projet_janvier.X\main.asm
            ButtonPress_1   0x000552    program     static C:\Users\louis\source\repos\ISEN\CSI3\projet-janvier-assembleur-PIC18\projet_janvier.X\main.asm
           ButtonPress_NO   0x00057c    program     static C:\Users\louis\source\repos\ISEN\CSI3\projet-janvier-assembleur-PIC18\projet_janvier.X\main.asm
           HandleButton_4   0x00057e    program     static C:\Users\louis\source\repos\ISEN\CSI3\projet-janvier-assembleur-PIC18\projet_janvier.X\main.asm
           HandleButton_3   0x00058a    program     static C:\Users\louis\source\repos\ISEN\CSI3\projet-janvier-assembleur-PIC18\projet_janvier.X\main.asm
           HandleButton_2   0x00059e    program     static C:\Users\louis\source\repos\ISEN\CSI3\projet-janvier-assembleur-PIC18\projet_janvier.X\main.asm
                  H2_Wrap   0x0005aa    program     static C:\Users\louis\source\repos\ISEN\CSI3\projet-janvier-assembleur-PIC18\projet_janvier.X\main.asm
                   H2_End   0x0005ae    program     static C:\Users\louis\source\repos\ISEN\CSI3\projet-janvier-assembleur-PIC18\projet_janvier.X\main.asm
           HandleButton_1   0x0005b8    program     static C:\Users\louis\source\repos\ISEN\CSI3\projet-janvier-assembleur-PIC18\projet_janvier.X\main.asm
                  IncLEDv   0x0005c4    program     static C:\Users\louis\source\repos\ISEN\CSI3\projet-janvier-assembleur-PIC18\projet_janvier.X\main.asm
           IncLEDv_NoWrap   0x0005dc    program     static C:\Users\louis\source\repos\ISEN\CSI3\projet-janvier-assembleur-PIC18\projet_janvier.X\main.asm
                  DecLEDv   0x0005ea    program     static C:\Users\louis\source\repos\ISEN\CSI3\projet-janvier-assembleur-PIC18\projet_janvier.X\main.asm
                DecH_Wrap   0x000602    program     static C:\Users\louis\source\repos\ISEN\CSI3\projet-janvier-assembleur-PIC18\projet_janvier.X\main.asm
              DecH_Update   0x000606    program     static C:\Users\louis\source\repos\ISEN\CSI3\projet-janvier-assembleur-PIC18\projet_janvier.X\main.asm
               DecLEDv_OK   0x00060a    program     static C:\Users\louis\source\repos\ISEN\CSI3\projet-janvier-assembleur-PIC18\projet_janvier.X\main.asm
          UpdateGreenLEDs   0x000618    program     static C:\Users\louis\source\repos\ISEN\CSI3\projet-janvier-assembleur-PIC18\projet_janvier.X\main.asm
                 UGV_Chk2   0x00062e    program     static C:\Users\louis\source\repos\ISEN\CSI3\projet-janvier-assembleur-PIC18\projet_janvier.X\main.asm
                 UGV_Chk3   0x00063c    program     static C:\Users\louis\source\repos\ISEN\CSI3\projet-janvier-assembleur-PIC18\projet_janvier.X\main.asm
                 UGV_Chk4   0x00064a    program     static C:\Users\louis\source\repos\ISEN\CSI3\projet-janvier-assembleur-PIC18\projet_janvier.X\main.asm
                  UGV_End   0x00064e    program     static C:\Users\louis\source\repos\ISEN\CSI3\projet-janvier-assembleur-PIC18\projet_janvier.X\main.asm
         UpdateRGBDisplay   0x000650    program     static C:\Users\louis\source\repos\ISEN\CSI3\projet-janvier-assembleur-PIC18\projet_janvier.X\main.asm
                 UR_Clear   0x000658    program     static C:\Users\louis\source\repos\ISEN\CSI3\projet-janvier-assembleur-PIC18\projet_janvier.X\main.asm
     Minutes_Equals_Hours   0x000688    program     static C:\Users\louis\source\repos\ISEN\CSI3\projet-janvier-assembleur-PIC18\projet_janvier.X\main.asm
                  UR_Send   0x000694    program     static C:\Users\louis\source\repos\ISEN\CSI3\projet-janvier-assembleur-PIC18\projet_janvier.X\main.asm
        LoopSetColorIndex   0x0006a0    program     static C:\Users\louis\source\repos\ISEN\CSI3\projet-janvier-assembleur-PIC18\projet_janvier.X\main.asm
       SendColorForOneRGB   0x0006ae    program     static C:\Users\louis\source\repos\ISEN\CSI3\projet-janvier-assembleur-PIC18\projet_janvier.X\main.asm
                 TestBlue   0x0006c0    program     static C:\Users\louis\source\repos\ISEN\CSI3\projet-janvier-assembleur-PIC18\projet_janvier.X\main.asm
               TestPurple   0x0006ce    program     static C:\Users\louis\source\repos\ISEN\CSI3\projet-janvier-assembleur-PIC18\projet_janvier.X\main.asm
                  RGB_Off   0x0006dc    program     static C:\Users\louis\source\repos\ISEN\CSI3\projet-janvier-assembleur-PIC18\projet_janvier.X\main.asm
           SendFullBusRGB   0x0006e2    program     static C:\Users\louis\source\repos\ISEN\CSI3\projet-janvier-assembleur-PIC18\projet_janvier.X\main.asm
          SendFullBusLoop   0x0006ea    program     static C:\Users\louis\source\repos\ISEN\CSI3\projet-janvier-assembleur-PIC18\projet_janvier.X\main.asm
      ComputeMinutesIndex   0x0006f8    program     static C:\Users\louis\source\repos\ISEN\CSI3\projet-janvier-assembleur-PIC18\projet_janvier.X\main.asm
                Div5_Loop   0x0006fe    program     static C:\Users\louis\source\repos\ISEN\CSI3\projet-janvier-assembleur-PIC18\projet_janvier.X\main.asm
                 Div5_End   0x00070a    program     static C:\Users\louis\source\repos\ISEN\CSI3\projet-janvier-assembleur-PIC18\projet_janvier.X\main.asm
       ComputeLedvCounter   0x00070c    program     static C:\Users\louis\source\repos\ISEN\CSI3\projet-janvier-assembleur-PIC18\projet_janvier.X\main.asm
               Div5_Loop2   0x000710    program     static C:\Users\louis\source\repos\ISEN\CSI3\projet-janvier-assembleur-PIC18\projet_janvier.X\main.asm
                Div5_End2   0x00071a    program     static C:\Users\louis\source\repos\ISEN\CSI3\projet-janvier-assembleur-PIC18\projet_janvier.X\main.asm
           lastBtnPressed   0x000000       data     static C:\Users\louis\source\repos\ISEN\CSI3\projet-janvier-assembleur-PIC18\projet_janvier.X\main.asm
              ledvCounter   0x000001       data     static C:\Users\louis\source\repos\ISEN\CSI3\projet-janvier-assembleur-PIC18\projet_janvier.X\main.asm
           minutesCounter   0x000002       data     static C:\Users\louis\source\repos\ISEN\CSI3\projet-janvier-assembleur-PIC18\projet_janvier.X\main.asm
             hoursCounter   0x000003       data     static C:\Users\louis\source\repos\ISEN\CSI3\projet-janvier-assembleur-PIC18\projet_janvier.X\main.asm
             minutesIndex   0x000004       data     static C:\Users\louis\source\repos\ISEN\CSI3\projet-janvier-assembleur-PIC18\projet_janvier.X\main.asm
                     temp   0x000005       data     static C:\Users\louis\source\repos\ISEN\CSI3\projet-janvier-assembleur-PIC18\projet_janvier.X\main.asm
                    temp2   0x000006       data     static C:\Users\louis\source\repos\ISEN\CSI3\projet-janvier-assembleur-PIC18\projet_janvier.X\main.asm
                tempIndex   0x000007       data     static C:\Users\louis\source\repos\ISEN\CSI3\projet-janvier-assembleur-PIC18\projet_janvier.X\main.asm
             data_address   0x000008       data     static C:\Users\louis\source\repos\ISEN\CSI3\projet-janvier-assembleur-PIC18\projet_janvier.X\main.asm
            data_transmit   0x000009       data     static C:\Users\louis\source\repos\ISEN\CSI3\projet-janvier-assembleur-PIC18\projet_janvier.X\main.asm
             data_receive   0x00000a       data     static C:\Users\louis\source\repos\ISEN\CSI3\projet-janvier-assembleur-PIC18\projet_janvier.X\main.asm
                 editMode   0x00000b       data     static C:\Users\louis\source\repos\ISEN\CSI3\projet-janvier-assembleur-PIC18\projet_janvier.X\main.asm
                     rgb0   0x00000c       data     static C:\Users\louis\source\repos\ISEN\CSI3\projet-janvier-assembleur-PIC18\projet_janvier.X\main.asm
                     rgb1   0x00000d       data     static C:\Users\louis\source\repos\ISEN\CSI3\projet-janvier-assembleur-PIC18\projet_janvier.X\main.asm
                     rgb2   0x00000e       data     static C:\Users\louis\source\repos\ISEN\CSI3\projet-janvier-assembleur-PIC18\projet_janvier.X\main.asm
                     rgb3   0x00000f       data     static C:\Users\louis\source\repos\ISEN\CSI3\projet-janvier-assembleur-PIC18\projet_janvier.X\main.asm
                     rgb4   0x000010       data     static C:\Users\louis\source\repos\ISEN\CSI3\projet-janvier-assembleur-PIC18\projet_janvier.X\main.asm
                     rgb5   0x000011       data     static C:\Users\louis\source\repos\ISEN\CSI3\projet-janvier-assembleur-PIC18\projet_janvier.X\main.asm
                     rgb6   0x000012       data     static C:\Users\louis\source\repos\ISEN\CSI3\projet-janvier-assembleur-PIC18\projet_janvier.X\main.asm
                     rgb7   0x000013       data     static C:\Users\louis\source\repos\ISEN\CSI3\projet-janvier-assembleur-PIC18\projet_janvier.X\main.asm
                     rgb8   0x000014       data     static C:\Users\louis\source\repos\ISEN\CSI3\projet-janvier-assembleur-PIC18\projet_janvier.X\main.asm
                     rgb9   0x000015       data     static C:\Users\louis\source\repos\ISEN\CSI3\projet-janvier-assembleur-PIC18\projet_janvier.X\main.asm
                    rgb10   0x000016       data     static C:\Users\louis\source\repos\ISEN\CSI3\projet-janvier-assembleur-PIC18\projet_janvier.X\main.asm
                    rgb11   0x000017       data     static C:\Users\louis\source\repos\ISEN\CSI3\projet-janvier-assembleur-PIC18\projet_janvier.X\main.asm


